<!DOCTYPE html>
<html lang="ja">

<head>
    <title>Problem Statement</title>
    <meta charset="utf-8">
    <link href='http://fonts.googleapis.com/css?family=Noto+Serif' rel='stylesheet' type='text/css'>
    <style type="text/css">
        html {
            color: #222222;
            font-family: "Noto Serif";
        }

        h1 {
            font-size: 16pt;
            border-bottom: solid 2px #e0e0e0;
            margin-bottom: 20px;
        }

        h2 {
            font-size: 14pt;
            border-bottom: solid 2px #e0e0e0;
            margin-bottom: 20px;
            margin-top: 20px;
        }

        h3 {
            font-size: 14pt;
            border-bottom: solid 2px #e0e0e0;
            margin-bottom: 20px;
            margin-top: 20px;
        }

        h4 {
            font-size: 13pt;
            margin-bottom: 20px;
            margin-top: 20px;
        }

        h5 {
            font-size: 12pt;
            margin-bottom: 20px;
            margin-top: 20px;
        }

        b {
            font-weight: bold;
        }

        p {
            font-size: 12pt;
        }

        li {
            font-size: 12pt;
        }

        pre {
            font-size: 11pt;
            padding: 8px;
            border: solid 1px #e0e0e0;
            border-radius: 4px;
        }

        code {
            color: #e83e8c;
        }

        code.language-input-format {
            color: #222222;
        }

        .testcase_pre {
            font-size: 11pt;
            padding: 8px;
            border: solid 1px #e0e0e0;
            border-radius: 4px;
            overflow: auto;
            max-width: 480;
            max-height: 340;
        }

        .error_pre {
            font-size: 11pt;
            padding: 8px;
            border: solid 1px #f0e0e0;
            border-radius: 4px;
            overflow: auto;
            max-height: 340;
            background-color: #ffeeee;
        }

        .table tbody>tr>td.vert-aligned {
            vertical-align: middle;
        }
    </style>
    <script type="text/x-mathjax-config">
        MathJax.Hub.Config({
            tex2jax: {
                inlineMath: [["$", "$"]],
                processEscapes: true,
                processClass: 'input-format|language-input-format'
            }
        });
    </script>
    <script type="text/javascript"
        src="https://cdnjs.cloudflare.com/ajax/libs/mathjax/2.7.9/MathJax.js?config=TeX-AMS_CHTML">
        </script>
</head>

<body>
    
    <div  style="page-break-after: always" >
        <h2>Problem A</h2>
<h3><u><strong>A+B</strong></u></h3>
<p>You are given two integers $A$ and $B$. Print the calculation result of $A + B$.</p>
<h3>Input</h3>
<p>Input is given from standard input in the following format:</p>
<pre class="input-format"><code class="language-input-format">$A$ $B$
</code></pre>
<ul>
<li>$1 \leq A, B \leq 10^{9}$</li>
</ul>
<h3>Output</h3>
<p>You have to output the calculation result of $A + B$ to the standard output.</p>
<h3>Sample Input 1</h3>
<pre class="input-format"><code class="language-input-format">3 5
</code></pre>
<h3>Sample Output 1</h3>
<pre class="input-format"><code class="language-input-format">8
</code></pre>
<h3>Sample Input 2</h3>
<pre class="input-format"><code class="language-input-format">10000 100
</code></pre>
<h3>Sample Output 2</h3>
<pre class="input-format"><code class="language-input-format">10100
</code></pre>
    </div>
    
    <div  style="page-break-after: always" >
        <h2>Problem A</h2>
<h3><u><strong>A+B</strong></u></h3>
<p>2 つの整数 $A$, $B$ が与えられます。$A + B$ の計算結果を出力してください。</p>
<h3>入力</h3>
<p>入力は以下の形式で標準入力から与えられます。</p>
<pre class="input-format"><code class="language-input-format">$A$ $B$
</code></pre>
<h3>出力</h3>
<p>$A + B$ の計算結果を標準出力に出力してください。</p>
<h3>制約</h3>
<ul>
<li>$1 \leq A, B \leq 10^{9}$</li>
</ul>
<h3>入力例 1</h3>
<pre class="input-format"><code class="language-input-format">3 5
</code></pre>
<h3>出力例 1</h3>
<pre class="input-format"><code class="language-input-format">8
</code></pre>
<h3>入力例 2</h3>
<pre class="input-format"><code class="language-input-format">10000 100
</code></pre>
<h3>出力例 2</h3>
<pre class="input-format"><code class="language-input-format">10100
</code></pre>
    </div>
    
    <div  style="page-break-after: always" >
        <h2>Problem B</h2>
<h3><u><strong>回文判定</strong></u></h3>
<p>長さ $N$ の文字列 $S$ が与えられます。文字列は奇数長であることが保証されます。</p>
<p>与えられる文字列 $S$ が回文であるか判定してください。</p>
<h3>入力</h3>
<pre class="input-format"><code class="language-input-format">$N$
$S$
</code></pre>
<ul>
<li>$1 \leq N \leq 100000$</li>
<li>$N$ は奇数であることが保証される</li>
<li>$|S| = N$</li>
<li>与えられる文字列は英小文字のみからなる</li>
</ul>
<h3>出力</h3>
<p>与えられる文字列が回文であれば <code>Yes</code> を、そうでなければ <code>No</code> を一行で出力してください。<strong>出力の末尾で改行してください。</strong></p>
<h3>入出力例</h3>
<h3>入力例 1</h3>
<pre class="input-format"><code class="language-input-format">apa
</code></pre>
<h3>出力例 1</h3>
<pre class="input-format"><code class="language-input-format">Yes
</code></pre>
<h3>入力例 2</h3>
<pre class="input-format"><code class="language-input-format">bed
</code></pre>
<h3>出力例 2</h3>
<pre class="input-format"><code class="language-input-format">No
</code></pre>
    </div>
    
    <div  style="page-break-after: always" >
        <h2>Problem C1</h2>
<h3><u><strong>Static Range Sum</strong></u></h3>
<h3>Problem Statement</h3>
<p>You are given a non-negative integer sequence $A = (a_0, a_1, \ldots, a_{N-1})$ with the length $N$. Process the following $Q$ queries in order:</p>
<ul>
<li>You are given integers $l_i$​ and $r_i$​. Print $\sum_{k=l_i}^{r_i-1} a_k$​.</li>
</ul>
<h3>Note</h3>
<p>The difference between C1 and C2 is only constraints of $N$ and $Q$.</p>
<h3>Input</h3>
<pre class="input-format"><code class="language-input-format">$N$ $Q$
$a_0$​ $a_1$​ $\ldots$ $a_{N-1}$​
$l_1$​ $r_1$​
$\vdots$
$l_Q$​ $r_Q$​
</code></pre>
<ul>
<li>All inputs are integers.</li>
<li>$1 \leq N \leq 1\,000$</li>
<li>$1 \leq Q \leq 1\,000$</li>
<li>$-10^{9} \leq a_i \leq 10^{9}$</li>
<li>$1 \leq l_i &lt; r_i \leq N$</li>
</ul>
<h3>Sample</h3>
<h3>Sample Input</h3>
<pre class="input-format"><code class="language-input-format">5 5
1 10 100 1000 10000
2 3
0 3
2 5
3 4
0 5
</code></pre>
<h3>Sample Output</h3>
<pre class="input-format"><code class="language-input-format">100
111
11100
1000
11111
</code></pre>
    </div>
    
    <div  style="page-break-after: always" >
        <h2>Problem C1</h2>
<h3><u><strong>Static Range Sum</strong></u></h3>
<h3>問題文</h3>
<p>長さ $N$ の非負整数列 $A = (a_0, a_1, \ldots, a_{N-1})$ が与えられます。以下で説明されるクエリを順に $Q$ 回処理してください。</p>
<ul>
<li>整数 $l_i$​ と $r_i$​ が与えられるので、$\sum_{k=l_i}^{r_i-1} a_k$​ を出力する。</li>
</ul>
<h3>注意</h3>
<p>問題 C1 と C2 では、$N$ と $Q$ の制約のみが異なります。</p>
<h3>入力</h3>
<pre class="input-format"><code class="language-input-format">$N$ $Q$
$a_0$​ $a_1$​ $\ldots$ $a_{N-1}$​
$l_1$​ $r_1$​
$\vdots$
$l_Q$​ $r_Q$​
</code></pre>
<ul>
<li>入力は全て整数で与えられる</li>
<li>$1 \leq N \leq 1{,}000$</li>
<li>$1 \leq Q \leq 1{,}000$</li>
<li>$-10^{9} \leq a_i \leq 10^{9}$</li>
<li>$1 \leq l_i &lt; r_i \leq N$</li>
</ul>
<h3>入出力例</h3>
<h3>入力例</h3>
<pre class="input-format"><code class="language-input-format">5 5
1 10 100 1000 10000
2 3
0 3
2 5
3 4
0 5
</code></pre>
<h3>出力例</h3>
<pre class="input-format"><code class="language-input-format">100
111
11100
1000
11111
</code></pre>
    </div>
    
    <div  style="page-break-after: always" >
        <h2>Problem C2</h2>
<h3><u><strong>Static Range Sum</strong></u></h3>
<h3>Problem Statement</h3>
<p>You are given a non-negative integer sequence $A = (a_0, a_1, \ldots, a_{N-1})$ with the length $N$. Process the following $Q$ queries in order:</p>
<ul>
<li>You are given integers $l_i$​ and $r_i$​. Print $\sum_{k=l_i}^{r_i-1} a_k$​.</li>
</ul>
<h3>Note</h3>
<p>The difference between C1 and C2 is only constraints of $N$ and $Q$.</p>
<h3>Input</h3>
<pre class="input-format"><code class="language-input-format">$N$ $Q$
$a_0$​ $a_1$​ $\ldots$ $a_{N-1}$​
$l_1$​ $r_1$​
$\vdots$
$l_Q$​ $r_Q$​
</code></pre>
<ul>
<li>All inputs are integers.</li>
<li>$1 \leq N \leq 100\,000$</li>
<li>$1 \leq Q \leq 100\,000$</li>
<li>$-10^{9} \leq a_i \leq 10^{9}$</li>
<li>$1 \leq l_i &lt; r_i \leq N$</li>
</ul>
<h3>Sample</h3>
<h3>Sample Input</h3>
<pre class="input-format"><code class="language-input-format">5 5
1 10 100 1000 10000
2 3
0 3
2 5
3 4
0 5
</code></pre>
<h3>Sample Output</h3>
<pre class="input-format"><code class="language-input-format">100
111
11100
1000
11111
</code></pre>
    </div>
    
    <div  style="page-break-after: always" >
        <h2>Problem C2</h2>
<h3><u><strong>Static Range Sum</strong></u></h3>
<h3>問題文</h3>
<p>長さ $N$ の非負整数列 $A = (a_0, a_1, \ldots, a_{N-1})$ が与えられます。以下で説明されるクエリを順に $Q$ 回処理してください。</p>
<ul>
<li>整数 $l_i$​ と $r_i$​ が与えられるので、$\sum_{k=l_i}^{r_i-1} a_k$​ を出力する。</li>
</ul>
<h3>注意</h3>
<p>問題 C1 と C2 では、$N$ と $Q$ の制約のみが異なります。</p>
<h3>入力</h3>
<pre class="input-format"><code class="language-input-format">$N$ $Q$
$a_0$​ $a_1$​ $\ldots$ $a_{N-1}$​
$l_1$​ $r_1$​
$\vdots$
$l_Q$​ $r_Q$​
</code></pre>
<ul>
<li>入力は全て整数で与えられる</li>
<li>$1 \leq N \leq 100{,}000$</li>
<li>$1 \leq Q \leq 100{,}000$</li>
<li>$-10^{9} \leq a_i \leq 10^{9}$</li>
<li>$1 \leq l_i &lt; r_i \leq N$</li>
</ul>
<h3>入出力例</h3>
<h3>入力例</h3>
<pre class="input-format"><code class="language-input-format">5 5
1 10 100 1000 10000
2 3
0 3
2 5
3 4
0 5
</code></pre>
<h3>出力例</h3>
<pre class="input-format"><code class="language-input-format">100
111
11100
1000
11111
</code></pre>
    </div>
    
    <div  style="page-break-after: always" >
        <h2>Problem D</h2>
<h3><u><strong>A+B</strong></u></h3>
<p>2 つの整数 $A$, $B$ が与えられます。$A + B$ を出力してください。</p>
<p>$T$ 個のテストケースが与えられますので、$T$ 行出力してください。</p>
<h3>Input</h3>
<pre class="input-format"><code class="language-input-format">$T$
$A_1$ $B_1$
$A_2$ $B_2$
...
$A_T$ $B_T$
</code></pre>
<ul>
<li>入力は全て整数で与えられる</li>
<li>$1 \leq T \leq 100{,}000$</li>
<li>$1 \leq A_i, B_i \leq 10^{9}$</li>
</ul>
<h3>Output</h3>
<p>$T$ 行出力してください。</p>
<p>$i$ 行目には $A_i + B_i$ の計算結果を出力してください。</p>
<h3>Sample Input</h3>
<pre class="input-format"><code class="language-input-format">3
3 9
100 101
1 10
</code></pre>
<h3>Sample Output</h3>
<pre class="input-format"><code class="language-input-format">12
201
11
</code></pre>
    </div>
    
    <div  style="page-break-after: always" >
        <h2>H: Many Kinds of Apples</h2>
<h3>Problem Statement</h3>
<p>Apple Farmer Mon has two kinds of tasks: "harvest apples" and "ship apples".</p>
<p>There are $N$ different species of apples, and $N$ distinguishable boxes. Apples are labeled by the species, and boxes are also labeled, from $1$ to $N$. The $i$-th species of apples are stored in the $i$-th box.</p>
<p>For each $i$, the $i$-th box can store at most $c_i$ apples, and it is initially empty (no apple exists).</p>
<p>Mon receives $Q$ instructions from his boss Kukui, and Mon completely follows in order. Each instruction is either of two types below.</p>
<ul>
<li>"harvest apples": put $d$ $x$-th apples into the $x$-th box.</li>
<li>"ship apples": take $d$ $x$-th apples out from the $x$-th box.</li>
</ul>
<p>However, not all instructions are possible to carry out. Now we call an instruction which meets either of following conditions "impossible instruction":</p>
<ul>
<li>When Mon harvest apples, the amount of apples exceeds the capacity of that box.</li>
<li>When Mon tries to ship apples, there are not enough apples to ship.</li>
</ul>
<p>Your task is to detect the instruction which is impossible to carry out.</p>
<h3>Input</h3>
<p>Input is given in the following format.</p>
<pre class="input-format"><code class="language-input-format">$N$
$c_1$ $c_2$ $\cdots$ $c_N$
$Q$
$t_1$ $x_1$ $d_1$
$t_2$ $x_2$ $d_2$
$\vdots$
$t_Q$ $x_Q$ $d_Q$
</code></pre>
<p>In line 1, you are given the integer $N$, which indicates the number of species of apples.</p>
<p>In line 2, given $c_i$ $(1 \leq i \leq N)$ separated by whitespaces. $c_i$ indicates the capacity of the $i$-th box.</p>
<p>In line 3, given $Q$, which indicates the number of instructions.
Instructions are given successive $Q$ lines. $t_i$ $x_i$ $d_i$ means what kind of instruction, which apple Mon handles in this instruction, how many apples Mon handles, respectively. If $t_i$ is equal to $1$, it means Mon does the task of "harvest apples", else if $t_i$ is equal to $2$, it means Mon does the task of "ship apples".</p>
<h3>Constraints</h3>
<p>All input values are integers, and satisfy the following constraints.</p>
<ul>
<li>$1 \leq N \leq 1{,}000$</li>
<li>$1 \leq c_i \leq 100{,}000$ $(1 \leq i \leq N)$</li>
<li>$1 \leq Q \leq 100{,}000$</li>
<li>$t_i \in \left\{ 1, 2 \right\}$ $(1 \leq i \leq Q)$</li>
<li>$1 \leq x_i \leq N$ $(1 \leq i \leq Q)$</li>
<li>$1 \leq d_i \leq 100{,}000$ $(1 \leq i \leq Q)$</li>
</ul>
<h3>Output</h3>
<p>If there is "impossible instruction", output the index of the apples which have something to do with the first "impossible instruction".
Otherwise, output $0$.</p>
<h3>Sample Input 1</h3>
<pre class="input-format"><code class="language-input-format">2
3 3
4
1 1 2
1 2 3
2 1 3
2 2 3
</code></pre>
<h3>Sample Output 1</h3>
<pre class="input-format"><code class="language-input-format">1
</code></pre>
<p>In this case, there are not enough apples to ship in the first box.</p>
<h3>Sample Input 2</h3>
<pre class="input-format"><code class="language-input-format">2
3 3
4
1 1 3
2 1 2
1 2 3
1 1 3
</code></pre>
<h3>Sample Output 2</h3>
<pre class="input-format"><code class="language-input-format">1
</code></pre>
<p>In this case, the amount of apples exceeds the capacity of the first box.</p>
<h3>Sample Input 3</h3>
<pre class="input-format"><code class="language-input-format">3
3 4 5
4
1 1 3
1 2 3
1 3 5
2 2 2
</code></pre>
<h3>Sample Output 3</h3>
<pre class="input-format"><code class="language-input-format">0
</code></pre>
<h3>Sample Input 4</h3>
<pre class="input-format"><code class="language-input-format">6
28 56 99 3 125 37
10
1 1 10
1 1 14
1 3 90
1 5 10
2 3 38
2 1 5
1 3 92
1 6 18
2 5 9
2 1 4
</code></pre>
<h3>Sample Output 4</h3>
<pre class="input-format"><code class="language-input-format">3
</code></pre>
    </div>
    
    <div >
        <h2>Problem I</h2>
<h3><u><strong>今川焼きマン - Imagawayaki Man -</strong></u></h3>
<h3>物語</h3>
<p>今川焼きマンは、正義のヒーローである。顔は直径 $1$ メートルの今川焼き（主に小麦粉でできた生地の中にたっぷりと餡を詰めて焼いた食べ物であり、見た目は円形であり、美味しい。北海道では、単に「お焼き」と呼ばれることも多い。餡として小豆餡のほかに、カスタードクリームなどを用いることもあり、さまざまな味のバリエーションがある。そのため、いくつ食べても飽きない。小豆餡やカスタードクリームのほかに、抹茶餡やりんごジャムなども美味しい。中にタコを入れたたこ焼きのようなものもあるようだ。どの味も美味しい。下の写真は標準的な今川焼きである。左はクリーム餡、右は小豆餡が入っている。美味しそうである。実際に食べて見たところ、やはり美味しかった。ところで、今川焼きの直径は通常 $10$ センチメートル程度であるので、直径 $1$ メートルの今川焼きはかなり大きなものであることに注意されよ。）でできており、お腹の空いた者に自分の顔を分けて差し出すこともある。そのため、必要に応じて顔を取り替える必要がある。いつでも取り替えられるように、今川焼き工場でおじさんが一人でせっせと一つずつ今川焼きを焼いて日々備えている。</p>
<p><img src="./assets/I/imagawayaki.jpg" width="300" /></p>
<p>ところで、今川焼きは食品であるため、当然ながら賞味期限が存在する。無駄にしないためには、焼いてから時間が経ったものから順に使うことが望ましい。おじさんは下図のように、完成した直径 $1$ メートルの今川焼き (図中の狐色部) を幅 $1$ メートルのレーン (図中の灰色部) の上に隙間なく並べて保存している。</p>
<p><img src="./assets/I/lane.png" width="300" /></p>
<p>ある日、大悪党の背筋マンが工場に現れ、今川焼きマンを困らせようと、自慢の背筋力を使って巨大な今川焼きをせっせと運び、好き勝手に並び替えてしまった。背筋マンは背筋力だけでなく記憶力も良いので、どの今川焼きが元々何番目にあったのか覚えているようだ。負けを認めたくない今川焼きマンは、何とかして、それぞれの今川焼きが何番目に出来たてなのか知りたいが、見た目では分かりそうにない。そこで、背筋マンに「もちろん、僕はちゃんと覚えているよ。でも、背筋マンは本当にちゃんと覚えているのかな？？」と挑発し、さらに「本当に覚えているか僕がテストするよ！」と言って質問を繰り返すことで、何番目に出来たてなのか知ることにした。ただし、あまり質問しすぎると、探っていることを勘付かれてしまうので、ほどほどにしなければならない。あなたには、今川焼きマンを助けるため、質問を繰り返し生成し、それぞれの今川焼きが何番目に出来たてなのかを当てるプログラムを作成してほしい。</p>
<h3>問題</h3>
<p>まず、工場に並んでいる今川焼きの個数 $N$ ($1 \leq N \leq 10{,}000$) が標準入力により 1 行で与えられる。これらの今川焼きの製造日時は互いに異なる。つまり、 $1 \leq i \leq N$ を満たす任意の整数 $i$ について、 $i$ 番目に出来たての今川焼きはただひとつ存在する。</p>
<p>これ以降、任意の 2 整数 $a$, $b$ ($1 \leq a, b \leq N$) において、標準出力に</p>
<pre class="input-format"><code class="language-input-format"> ? $a$ $b$
</code></pre>
<p>と出力すると、「$a$ 番目に出来たての今川焼きの中心から $b$ 番目に出来たての今川焼きの中心までの距離は何メートルか？」という質問を行うことができる。この答えは標準入力に一行で整数としてすぐに与えられる。物語でも述べた通り、レーン上に隙間なく直径 $1$ メートルの今川焼きが並べられているので、左から数えて $i$ 番目の今川焼きの中心から $j$ 番目の今川焼きの中心までの距離は正確に $|i - j|$ メートルである。この質問は $20{,}000$ 回まで繰り返し行うことができる。</p>
<p>それぞれの今川焼きが何番目に出来たてなのか分かったら、標準出力に最終的な答えを出力しなければならない。出力形式は、各 $i$ ($ 1 \leq i \leq N$) において、左から $i$ 番目 の今川焼きが $x_i$ 番目に出来たてのとき、</p>
<pre class="input-format"><code class="language-input-format"> ! $x_1$ $x_2$ $x_3$ $\ldots$ $x_N$
</code></pre>
<p>または、</p>
<pre class="input-format"><code class="language-input-format"> ! $x_N$ $x_{N-1}$ $x_{N-2}$ $\ldots$ $x_1$
</code></pre>
<p>とすればよい。つまり、左から順に答えても、右から順に答えても構わない。この最終的な解答は、1 度しか行うことができない。この解答が正しい出力だったとき、正答とみなす。</p>
<p>標準出力を行う毎に、ストリームをフラッシュ (flush) する必要があることに注意されよ。主要な言語でのフラッシュ例を以下に示す。もちろん、これ以外の方法でフラッシュを行っても構わない。</p>
<p>C 言語:</p>
<pre><code class="language-c"> #include &lt;stdio.h&gt;
 fflush(stdout);
</code></pre>
<p>C++:</p>
<pre><code class="language-cpp"> #include &lt;iostream&gt;
 std::cout.flush();
</code></pre>
<p>Java:</p>
<pre><code class="language-java"> System.out.flush();
</code></pre>
<h3>入出力例</h3>
<table>
    <thead>
        <tr>
            <td>標準入力</td>
            <td>標準出力</td>
        </tr>
    </thead>
    <tbody>
        <tr>
            <td><pre>3</pre></td>
            <td></td>
        </tr>
        <tr>
            <td></td>
            <td><pre>? 1 2</pre></td>
        </tr>
        <tr>
            <td><pre>2</pre></td>
            <td></td>
        </tr>
        <tr>
            <td></td>
            <td><pre>? 2 3</pre></td>
        </tr>
        <tr>
            <td><pre>1</pre></td>
            <td></td>
        </tr>
        <tr>
            <td></td>
            <td><pre>? 1 3</pre></td>
        </tr>
        <tr>
            <td><pre>1</pre></td>
            <td></td>
        </tr>
        <tr>
            <td></td>
            <td><pre>! 2 3 1</pre></td>
        </tr>
    </tbody>
</table>
    </div>
    
</body>

</html>